Application bundle generation failed. [4.131 seconds] - 2026-03-10T00:14:53.463Z

ng : [1m[31m[31mX [
41;31m[[41;97mERROR[4
1;31m][0m [1mTS2339: 
Property 'trip' does 
not exist on type 
'PackageDetail'.[0m 
[1m[35m[plugin 
angular-compiler][0m
At line:1 char:1
+ ng build 
--progress=false > 
build_output.log 2>&1 
; cat build_output. ...
+ ~~~~~~~~~~~~~~~~~~~~~
~~~~~~~~~~~~~~~~~~~~~~~
~~~~~
    + CategoryInfo     
         : NotSpecifi  
  ed: ([1m[31m[31   
 mX...r-compiler][    
0m:String) [], Rem    
oteException
    + FullyQualifiedEr 
   rorId : NativeComm  
  andError
 

    src/app/components/
package-detail/package-
detail.html:2:7:
[37m      2 Γöé   @if 
([32mtrip[37m(); as 
t) {
        Γò╡        
[32m~~~~[0m

  Error occurs in the 
template of component 
PackageDetail.

    src/app/components/
package-detail/package-
detail.ts:14:15:
[37m      14 Γöé   
templateUrl: [32m'./pa
ckage-detail.html'[37m
,
         Γò╡           
     [32m~~~~~~~~~~~~~
~~~~~~~~~~[0m


[31mX [41;31m[[41;97
mERROR[41;31m][0m 
[1mTS2339: Property 
'trip' does not exist 
on type 
'PackageDetail'.[0m 
[1m[35m[plugin 
angular-compiler][0m

    src/app/components/
package-detail/package-
detail.html:2:7:
[37m      2 Γöé   @if 
([32mtrip[37m(); as 
t) {
        Γò╡        
[32m~~~~[0m

  Error occurs in the 
template of component 
PackageDetail.

    src/app/components/
package-detail/package-
detail.ts:14:15:
[37m      14 Γöé   
templateUrl: [32m'./pa
ckage-detail.html'[37m
,
         Γò╡           
     [32m~~~~~~~~~~~~~
~~~~~~~~~~[0m


[31mX [41;31m[[41;97
mERROR[41;31m][0m 
[1mTS2339: Property 
'bookTrip' does not 
exist on type 
'PackageDetail'.[0m 
[1m[35m[plugin 
angular-compiler][0m

    src/app/components/
package-detail/package-
detail.html:52:56:
[37m      52 Γöé 
...aised-button 
color="accent" (click)=
"[32mbookTrip[37m()">
Book Now</button>
         Γò╡           
                       
       
[32m~~~~~~~~[0m

  Error occurs in the 
template of component 
PackageDetail.

    src/app/components/
package-detail/package-
detail.ts:14:15:
[37m      14 Γöé   
templateUrl: [32m'./pa
ckage-detail.html'[37m
,
         Γò╡           
     [32m~~~~~~~~~~~~~
~~~~~~~~~~[0m

[39m[22m
